// Jest Snapshot v1, https://goo.gl/fbAQLP

exports[`Response component renders App 1`] = `
<pre>
  {"name":"spot","age":5,"wegiht":"20 lbs"}
</pre>
`;
